error: file not found: src/main/java/com/example/rozmie/*.java
Usage: javac <options> <source files>
use --help for a list of possible options
